BL51 BANKED LINKER/LOCATER V5.03                                                        05/21/2010  10:00:29  PAGE 1


BL51 BANKED LINKER/LOCATER V5.03, INVOKED BY:
D:\KEIL\C51\BIN\BL51.EXE .\obj\1602“∫æß∂ØÃ¨œ‘ æ.obj TO .\obj\1602“∫æß∂ØÃ¨œ‘ æ PRINT (.\obj\1602“∫æß∂ØÃ¨œ‘ æ.m51) RAMSIZE
>>  (256)


MEMORY MODEL: SMALL


INPUT MODULES INCLUDED:
  .\obj\1602“∫æß∂ØÃ¨œ‘ æ.obj (1602“_____Ã__‘ _)
  D:\KEIL\C51\LIB\C51S.LIB (?C_STARTUP)
  D:\KEIL\C51\LIB\C51S.LIB (?C?CLDPTR)


LINK MAP OF MODULE:  .\obj\1602“∫æß∂ØÃ¨œ‘ æ (1602“_____Ã__‘ _)


            TYPE    BASE      LENGTH    RELOCATION   SEGMENT NAME
            -----------------------------------------------------

            * * * * * * *   D A T A   M E M O R Y   * * * * * * *
            REG     0000H     0008H     ABSOLUTE     "REG BANK 0"
            DATA    0008H     0004H     UNIT         _DATA_GROUP_
            IDATA   000CH     0001H     UNIT         ?STACK

            * * * * * * *   C O D E   M E M O R Y   * * * * * * *
            CODE    0000H     0003H     ABSOLUTE     
            CODE    0003H     004FH     UNIT         ?PR?MAIN?1602“_____Ã__‘ _
            CODE    0052H     0024H     UNIT         ?PR?_LCD_WRITE_STRING?1602“_____Ã__‘ _
            CODE    0076H     0023H     UNIT         ?PR?LCD_INIT?1602“_____Ã__‘ _
            CODE    0099H     001DH     UNIT         ?PR?_LCD_WRITE_COM?1602“_____Ã__‘ _
            CODE    00B6H     001AH     UNIT         ?CO?1602“_____Ã__‘ _
            CODE    00D0H     0019H     UNIT         ?C?LIB_CODE
            CODE    00E9H     0018H     UNIT         ?PR?_LCD_WRITE_CHAR?1602“_____Ã__‘ _
            CODE    0101H     0015H     UNIT         ?PR?_DELAYMS?1602“_____Ã__‘ _
            CODE    0116H     0011H     UNIT         ?PR?_LCD_WRITE_DATA?1602“_____Ã__‘ _
            CODE    0127H     0010H     UNIT         ?PR?LCD_CHECK_BUSY?1602“_____Ã__‘ _
            CODE    0137H     000CH     UNIT         ?C_C51STARTUP
            CODE    0143H     000AH     UNIT         ?PR?LCD_CLEAR?1602“_____Ã__‘ _
            CODE    014DH     0003H     UNIT         ?PR?_DELAYUS2X?1602“_____Ã__‘ _



OVERLAY MAP OF MODULE:   .\obj\1602“∫æß∂ØÃ¨œ‘ æ (1602“_____Ã__‘ _)


SEGMENT                                          DATA_GROUP 
  +--> CALLED SEGMENT                          START    LENGTH
--------------------------------------------------------------
?C_C51STARTUP                                  -----    -----
  +--> ?PR?MAIN?1602“_____Ã__‘ _

?PR?MAIN?1602“_____Ã__‘ _                      0008H    0004H
  +--> ?PR?LCD_INIT?1602“_____Ã__‘ _
  +--> ?CO?1602“_____Ã__‘ _
  +--> ?PR?LCD_CLEAR?1602“_____Ã__‘ _
  +--> ?PR?_LCD_WRITE_STRING?1602“_____Ã__‘ _
  +--> ?PR?_LCD_WRITE_CHAR?1602“_____Ã__‘ _
BL51 BANKED LINKER/LOCATER V5.03                                                      05/21/2010  10:00:29  PAGE 2


  +--> ?PR?_DELAYMS?1602“_____Ã__‘ _

?PR?LCD_INIT?1602“_____Ã__‘ _                  -----    -----
  +--> ?PR?_LCD_WRITE_COM?1602“_____Ã__‘ _
  +--> ?PR?_DELAYMS?1602“_____Ã__‘ _

?PR?_LCD_WRITE_COM?1602“_____Ã__‘ _            -----    -----
  +--> ?PR?_DELAYMS?1602“_____Ã__‘ _
  +--> ?PR?LCD_CHECK_BUSY?1602“_____Ã__‘ _

?PR?_DELAYMS?1602“_____Ã__‘ _                  -----    -----
  +--> ?PR?_DELAYUS2X?1602“_____Ã__‘ _

?PR?LCD_CLEAR?1602“_____Ã__‘ _                 -----    -----
  +--> ?PR?_LCD_WRITE_COM?1602“_____Ã__‘ _
  +--> ?PR?_DELAYMS?1602“_____Ã__‘ _

?PR?_LCD_WRITE_STRING?1602“_____Ã__‘ _         -----    -----
  +--> ?PR?_LCD_WRITE_COM?1602“_____Ã__‘ _
  +--> ?PR?_LCD_WRITE_DATA?1602“_____Ã__‘ _

?PR?_LCD_WRITE_DATA?1602“_____Ã__‘ _           -----    -----
  +--> ?PR?LCD_CHECK_BUSY?1602“_____Ã__‘ _

?PR?_LCD_WRITE_CHAR?1602“_____Ã__‘ _           -----    -----
  +--> ?PR?_LCD_WRITE_COM?1602“_____Ã__‘ _
  +--> ?PR?_LCD_WRITE_DATA?1602“_____Ã__‘ _



SYMBOL TABLE OF MODULE:  .\obj\1602“∫æß∂ØÃ¨œ‘ æ (1602“_____Ã__‘ _)

  VALUE           TYPE          NAME
  ----------------------------------

  -------         MODULE        1602“_____Ã__‘ _
  C:0000H         SYMBOL        _ICE_DUMMY_
  C:0116H         PUBLIC        _LCD_Write_Data
  D:0080H         PUBLIC        P0
  D:0090H         PUBLIC        P1
  D:00A0H         PUBLIC        P2
  C:00E9H         PUBLIC        _LCD_Write_Char
  D:00B0H         PUBLIC        P3
  D:00A8H         PUBLIC        IE
  C:0101H         PUBLIC        _DelayMs
  B:00A0H.6       PUBLIC        EN
  D:00B8H         PUBLIC        IP
  C:0127H         PUBLIC        LCD_Check_Busy
  C:0143H         PUBLIC        LCD_Clear
  C:00A5H         PUBLIC        _LCD_Write_Com
  B:00A0H.4       PUBLIC        RS
  C:0003H         PUBLIC        main
  B:00A0H.5       PUBLIC        RW
  D:0098H         PUBLIC        SCON
  D:0088H         PUBLIC        TCON
  C:014DH         PUBLIC        _DelayUs2x
  C:0076H         PUBLIC        LCD_Init
BL51 BANKED LINKER/LOCATER V5.03                                                      05/21/2010  10:00:29  PAGE 3


  D:00C8H         PUBLIC        T2CON
  D:00D0H         PUBLIC        PSW
  C:0052H         PUBLIC        _LCD_Write_String
  -------         PROC          _DELAYUS2X
  D:0007H         SYMBOL        t
  C:014DH         LINE#         33
  C:014DH         LINE#         34
  C:014DH         LINE#         35
  C:014FH         LINE#         36
  -------         ENDPROC       _DELAYUS2X
  -------         PROC          _DELAYMS
  D:0006H         SYMBOL        t
  C:0101H         LINE#         42
  C:0103H         LINE#         43
  C:0103H         LINE#         45
  C:0109H         LINE#         46
  C:0109H         LINE#         48
  C:010EH         LINE#         49
  C:0113H         LINE#         50
  C:0115H         LINE#         51
  -------         ENDPROC       _DELAYMS
  -------         PROC          LCD_CHECK_BUSY
  C:0127H         LINE#         55
  C:0127H         LINE#         56
  C:0127H         LINE#         57
  C:012AH         LINE#         58
  C:012CH         LINE#         59
  C:012EH         LINE#         60
  C:0130H         LINE#         61
  C:0131H         LINE#         62
  C:0133H         LINE#         63
  C:0136H         LINE#         64
  -------         ENDPROC       LCD_CHECK_BUSY
  -------         PROC          L?0032
  -------         ENDPROC       L?0032
  -------         PROC          _LCD_WRITE_COM
  D:0007H         SYMBOL        com
  C:00A5H         LINE#         68
  C:00A5H         LINE#         69
  C:00A5H         LINE#         70
  C:00AAH         LINE#         71
  C:00ACH         LINE#         72
  C:00AEH         LINE#         73
  C:00B0H         LINE#         74
  C:00B2H         LINE#         75
  C:00B3H         LINE#         76
  C:00B5H         LINE#         77
  -------         ENDPROC       _LCD_WRITE_COM
  -------         PROC          _LCD_WRITE_DATA
  D:0007H         SYMBOL        Data
  C:0116H         LINE#         81
  C:0116H         LINE#         82
  C:0116H         LINE#         83
  C:011BH         LINE#         84
  C:011DH         LINE#         85
  C:011FH         LINE#         86
  C:0121H         LINE#         87
BL51 BANKED LINKER/LOCATER V5.03                                                      05/21/2010  10:00:29  PAGE 4


  C:0123H         LINE#         88
  C:0124H         LINE#         89
  C:0126H         LINE#         90
  -------         ENDPROC       _LCD_WRITE_DATA
  -------         PROC          LCD_CLEAR
  C:0143H         LINE#         95
  C:0143H         LINE#         96
  C:0143H         LINE#         97
  C:0148H         LINE#         98
  -------         ENDPROC       LCD_CLEAR
  -------         PROC          _LCD_WRITE_STRING
  D:0006H         SYMBOL        x
  D:0005H         SYMBOL        y
  D:0001H         SYMBOL        s
  C:0052H         LINE#         103
  C:0054H         LINE#         104
  C:0054H         LINE#         105
  C:0057H         LINE#         106
  C:0057H         LINE#         107
  C:005AH         LINE#         108
  C:005CH         LINE#         110
  C:005CH         LINE#         111
  C:0063H         LINE#         112
  C:0063H         LINE#         113
  C:0069H         LINE#         114
  C:0069H         LINE#         115
  C:006CH         LINE#         116
  C:0073H         LINE#         117
  C:0075H         LINE#         118
  -------         ENDPROC       _LCD_WRITE_STRING
  -------         PROC          _LCD_WRITE_CHAR
  D:0006H         SYMBOL        x
  D:0005H         SYMBOL        y
  D:0004H         SYMBOL        Data
  C:00E9H         LINE#         122
  C:00EDH         LINE#         123
  C:00EDH         LINE#         124
  C:00F0H         LINE#         125
  C:00F0H         LINE#         126
  C:00F3H         LINE#         127
  C:00F5H         LINE#         129
  C:00F5H         LINE#         130
  C:00FCH         LINE#         131
  C:00FCH         LINE#         132
  -------         ENDPROC       _LCD_WRITE_CHAR
  -------         PROC          LCD_INIT
  C:0076H         LINE#         137
  C:0076H         LINE#         138
  C:0076H         LINE#         139
  C:0076H         LINE#         140
  C:0076H         LINE#         141
  C:0079H         LINE#         142
  C:007EH         LINE#         143
  C:007EH         LINE#         144
  C:007EH         LINE#         145
  C:0081H         LINE#         146
  C:0086H         LINE#         147
BL51 BANKED LINKER/LOCATER V5.03                                                      05/21/2010  10:00:29  PAGE 5


  C:008BH         LINE#         148
  C:0090H         LINE#         149
  C:0094H         LINE#         150
  -------         ENDPROC       LCD_INIT
  -------         PROC          MAIN
  -------         DO            
  D:0008H         SYMBOL        i
  D:0009H         SYMBOL        p
  -------         ENDDO         
  C:0003H         LINE#         156
  C:0003H         LINE#         157
  C:0003H         LINE#         161
  C:0006H         LINE#         163
  C:0006H         LINE#         164
  C:0006H         LINE#         165
  C:0009H         LINE#         166
  C:0012H         LINE#         167
  C:0015H         LINE#         168
  C:0022H         LINE#         169
  C:0024H         LINE#         170
  C:0030H         LINE#         171
  C:0030H         LINE#         172
  C:0037H         LINE#         173
  C:0039H         LINE#         174
  C:0044H         LINE#         175
  C:0049H         LINE#         176
  C:004BH         LINE#         177
  C:0050H         LINE#         178
  -------         ENDPROC       MAIN
  -------         ENDMOD        1602“_____Ã__‘ _

  -------         MODULE        ?C?CLDPTR
  C:00D0H         PUBLIC        ?C?CLDPTR
  -------         ENDMOD        ?C?CLDPTR

Program Size: data=13.0 xdata=0 code=336
LINK/LOCATE RUN COMPLETE.  0 WARNING(S),  0 ERROR(S)
